[0.020s] Invoking command in '/home/reuel/agos_ws/build/agos_sim': CMAKE_PREFIX_PATH=${CMAKE_PREFIX_PATH}:/opt/ros/lyrical /usr/bin/cmake /home/reuel/agos_ws/src/agos_sim -DAMENT_CMAKE_SYMLINK_INSTALL=1 -DCMAKE_INSTALL_PREFIX=/home/reuel/agos_ws/install/agos_sim
[0.032s] CMake Deprecation Warning at CMakeLists.txt:1 (cmake_minimum_required):
[0.032s]   Compatibility with CMake < 3.10 will be removed from a future version of
[0.032s]   CMake.
[0.032s] 
[0.032s]   Update the VERSION argument <min> value.  Or, use the <min>...<max> syntax
[0.032s]   to tell CMake that the project requires at least <min> but has been updated
[0.032s]   to work with policies introduced by <max> or earlier.
[0.032s] 
[0.033s] 
[0.114s] -- The C compiler identification is GNU 15.2.0
[0.216s] -- The CXX compiler identification is GNU 15.2.0
[0.237s] -- Detecting C compiler ABI info
[0.367s] -- Detecting C compiler ABI info - done
[0.389s] -- Check for working C compiler: /usr/bin/cc - skipped
[0.389s] -- Detecting C compile features
[0.390s] -- Detecting C compile features - done
[0.411s] -- Detecting CXX compiler ABI info
[0.591s] -- Detecting CXX compiler ABI info - done
[0.630s] -- Check for working CXX compiler: /usr/bin/c++ - skipped
[0.630s] -- Detecting CXX compile features
[0.631s] -- Detecting CXX compile features - done
[0.649s] -- Found ament_cmake: 2.8.8 (/opt/ros/lyrical/share/ament_cmake/cmake)
[1.121s] -- Override CMake install command with custom implementation using symlinks instead of copying resources
[1.207s] -- Found urdf: 2.13.2 (/opt/ros/lyrical/share/urdf/cmake)
[1.235s] -- Found xacro: 2.1.1 (/opt/ros/lyrical/share/xacro/cmake)
[1.241s] -- Found robot_state_publisher: 3.5.6 (/opt/ros/lyrical/share/robot_state_publisher/cmake)
[1.336s] -- Found rosidl_generator_c: 5.2.1 (/opt/ros/lyrical/share/rosidl_generator_c/cmake)
[1.367s] -- Found rosidl_generator_cpp: 5.2.1 (/opt/ros/lyrical/share/rosidl_generator_cpp/cmake)
[1.412s] -- Using all available rosidl_typesupport_c: rosidl_typesupport_fastrtps_c;rosidl_typesupport_introspection_c
[1.443s] -- Using all available rosidl_typesupport_cpp: rosidl_typesupport_fastrtps_cpp;rosidl_typesupport_introspection_cpp
[1.605s] -- Found rmw_implementation_cmake: 7.10.2 (/opt/ros/lyrical/share/rmw_implementation_cmake/cmake)
[1.614s] -- Found rmw_fastrtps_cpp: 9.4.10 (/opt/ros/lyrical/share/rmw_fastrtps_cpp/cmake)
[1.695s] -- Using RMW implementation 'rmw_fastrtps_cpp' as default
[2.146s] -- Found ros_gz_sim: 3.0.10 (/opt/ros/lyrical/share/ros_gz_sim/cmake)
[2.155s] -- Found ros_gz_bridge: 3.0.10 (/opt/ros/lyrical/share/ros_gz_bridge/cmake)
[2.533s] -- Found Protobuf: /usr/lib/x86_64-linux-gnu/libprotobuf.so (found version "3.21.12")
[3.342s] -- Found ament_lint_auto: 0.20.6 (/opt/ros/lyrical/share/ament_lint_auto/cmake)
[3.602s] -- Added test 'flake8' to check Python code syntax and style conventions
[3.602s] -- Configured 'flake8' exclude dirs and/or files: 
[3.603s] -- Added test 'lint_cmake' to check CMake code style
[3.605s] -- Added test 'pep257' to check Python code against some of the docstring style conventions in PEP 257
[3.608s] -- Added test 'xmllint' to check XML markup files
[3.611s] -- Configuring done (3.6s)
[3.625s] -- Generating done (0.0s)
[3.711s] -- Build files have been written to: /home/reuel/agos_ws/build/agos_sim
[3.728s] Invoked command in '/home/reuel/agos_ws/build/agos_sim' returned '0': CMAKE_PREFIX_PATH=${CMAKE_PREFIX_PATH}:/opt/ros/lyrical /usr/bin/cmake /home/reuel/agos_ws/src/agos_sim -DAMENT_CMAKE_SYMLINK_INSTALL=1 -DCMAKE_INSTALL_PREFIX=/home/reuel/agos_ws/install/agos_sim
[3.732s] Invoking command in '/home/reuel/agos_ws/build/agos_sim': CMAKE_PREFIX_PATH=${CMAKE_PREFIX_PATH}:/opt/ros/lyrical /usr/bin/cmake --build /home/reuel/agos_ws/build/agos_sim -- -j8 -l8
[3.799s] Invoked command in '/home/reuel/agos_ws/build/agos_sim' returned '0': CMAKE_PREFIX_PATH=${CMAKE_PREFIX_PATH}:/opt/ros/lyrical /usr/bin/cmake --build /home/reuel/agos_ws/build/agos_sim -- -j8 -l8
[3.816s] Invoking command in '/home/reuel/agos_ws/build/agos_sim': CMAKE_PREFIX_PATH=${CMAKE_PREFIX_PATH}:/opt/ros/lyrical /usr/bin/cmake --install /home/reuel/agos_ws/build/agos_sim
[3.829s] -- Install configuration: ""
[3.829s] -- Execute custom install script
[3.831s] -- Symlinking: /home/reuel/agos_ws/install/agos_sim/share/agos_sim//launch/__pycache__/simulation.launch.cpython-314.pyc
[3.851s] -- Symlinking: /home/reuel/agos_ws/install/agos_sim/share/agos_sim//launch/agos_sim.launch.py
[3.867s] -- Symlinking: /home/reuel/agos_ws/install/agos_sim/share/agos_sim//launch/simulation.launch.py
[3.885s] -- Symlinking: /home/reuel/agos_ws/install/agos_sim/share/agos_sim//config/agos_sim_params.yaml
[3.903s] -- Symlinking: /home/reuel/agos_ws/install/agos_sim/share/agos_sim//config/bridge.yaml
[3.927s] -- Symlinking: /home/reuel/agos_ws/install/agos_sim/share/agos_sim//urdf/agos.urdf.xacro
[3.943s] -- Symlinking: /home/reuel/agos_ws/install/agos_sim/share/agos_sim//urdf/agos_materials.xacro
[3.959s] -- Symlinking: /home/reuel/agos_ws/install/agos_sim/share/agos_sim//urdf/agos_sensors.xacro
[3.977s] -- Symlinking: /home/reuel/agos_ws/install/agos_sim/share/agos_sim//urdf/agos_tracks.xacro
[3.994s] -- Symlinking: /home/reuel/agos_ws/install/agos_sim/share/agos_sim//worlds/pipe_world.sdf
[4.012s] -- Symlinking: /home/reuel/agos_ws/install/agos_sim/share/agos_sim//rviz/agos_sim.rviz
[4.036s] -- Symlinking: /home/reuel/agos_ws/install/agos_sim/share/ament_index/resource_index/package_run_dependencies/agos_sim
[4.054s] -- Symlinking: /home/reuel/agos_ws/install/agos_sim/share/ament_index/resource_index/parent_prefix_path/agos_sim
[4.072s] -- Symlinking: /home/reuel/agos_ws/install/agos_sim/share/agos_sim/environment/ament_prefix_path.sh
[4.090s] -- Symlinking: /home/reuel/agos_ws/install/agos_sim/share/agos_sim/environment/ament_prefix_path.dsv
[4.111s] -- Symlinking: /home/reuel/agos_ws/install/agos_sim/share/agos_sim/environment/path.sh
[4.129s] -- Symlinking: /home/reuel/agos_ws/install/agos_sim/share/agos_sim/environment/path.dsv
[4.143s] -- Symlinking: /home/reuel/agos_ws/install/agos_sim/share/agos_sim/local_setup.bash
[4.157s] -- Symlinking: /home/reuel/agos_ws/install/agos_sim/share/agos_sim/local_setup.fish
[4.172s] -- Symlinking: /home/reuel/agos_ws/install/agos_sim/share/agos_sim/local_setup.sh
[4.186s] -- Symlinking: /home/reuel/agos_ws/install/agos_sim/share/agos_sim/local_setup.zsh
[4.202s] -- Symlinking: /home/reuel/agos_ws/install/agos_sim/share/agos_sim/local_setup.dsv
[4.222s] -- Symlinking: /home/reuel/agos_ws/install/agos_sim/share/agos_sim/package.dsv
[4.237s] -- Symlinking: /home/reuel/agos_ws/install/agos_sim/share/ament_index/resource_index/packages/agos_sim
[4.251s] -- Symlinking: /home/reuel/agos_ws/install/agos_sim/share/agos_sim/cmake/agos_simConfig.cmake
[4.264s] -- Symlinking: /home/reuel/agos_ws/install/agos_sim/share/agos_sim/cmake/agos_simConfig-version.cmake
[4.281s] -- Symlinking: /home/reuel/agos_ws/install/agos_sim/share/agos_sim/package.xml
[4.300s] Invoked command in '/home/reuel/agos_ws/build/agos_sim' returned '0': CMAKE_PREFIX_PATH=${CMAKE_PREFIX_PATH}:/opt/ros/lyrical /usr/bin/cmake --install /home/reuel/agos_ws/build/agos_sim
