CMake Deprecation Warning at CMakeLists.txt:1 (cmake_minimum_required):
  Compatibility with CMake < 3.10 will be removed from a future version of
  CMake.

  Update the VERSION argument <min> value.  Or, use the <min>...<max> syntax
  to tell CMake that the project requires at least <min> but has been updated
  to work with policies introduced by <max> or earlier.


-- Found ament_cmake: 2.8.8 (/opt/ros/lyrical/share/ament_cmake/cmake)
-- Override CMake install command with custom implementation using symlinks instead of copying resources
-- Found urdf: 2.13.2 (/opt/ros/lyrical/share/urdf/cmake)
-- Found xacro: 2.1.1 (/opt/ros/lyrical/share/xacro/cmake)
-- Found robot_state_publisher: 3.5.6 (/opt/ros/lyrical/share/robot_state_publisher/cmake)
-- Found rosidl_generator_c: 5.2.1 (/opt/ros/lyrical/share/rosidl_generator_c/cmake)
-- Found rosidl_generator_cpp: 5.2.1 (/opt/ros/lyrical/share/rosidl_generator_cpp/cmake)
-- Using all available rosidl_typesupport_c: rosidl_typesupport_fastrtps_c;rosidl_typesupport_introspection_c
-- Using all available rosidl_typesupport_cpp: rosidl_typesupport_fastrtps_cpp;rosidl_typesupport_introspection_cpp
-- Found rmw_implementation_cmake: 7.10.2 (/opt/ros/lyrical/share/rmw_implementation_cmake/cmake)
-- Found rmw_fastrtps_cpp: 9.4.10 (/opt/ros/lyrical/share/rmw_fastrtps_cpp/cmake)
-- Using RMW implementation 'rmw_fastrtps_cpp' as default
-- Found ros_gz_sim: 3.0.10 (/opt/ros/lyrical/share/ros_gz_sim/cmake)
-- Found ros_gz_bridge: 3.0.10 (/opt/ros/lyrical/share/ros_gz_bridge/cmake)
-- Found ament_lint_auto: 0.20.6 (/opt/ros/lyrical/share/ament_lint_auto/cmake)
-- Added test 'flake8' to check Python code syntax and style conventions
-- Configured 'flake8' exclude dirs and/or files: 
-- Added test 'lint_cmake' to check CMake code style
-- Added test 'pep257' to check Python code against some of the docstring style conventions in PEP 257
-- Added test 'xmllint' to check XML markup files
-- Configuring done (3.8s)
-- Generating done (0.0s)
-- Build files have been written to: /home/reuel/agos_ws/build/agos_sim
-- Install configuration: ""
-- Execute custom install script
-- Up-to-date symlink: /home/reuel/agos_ws/install/agos_sim/share/agos_sim//launch/__pycache__/simulation.launch.cpython-314.pyc
-- Up-to-date symlink: /home/reuel/agos_ws/install/agos_sim/share/agos_sim//launch/agos_sim.launch.py
-- Up-to-date symlink: /home/reuel/agos_ws/install/agos_sim/share/agos_sim//launch/simulation.launch.py
-- Up-to-date symlink: /home/reuel/agos_ws/install/agos_sim/share/agos_sim//config/agos_sim_params.yaml
-- Up-to-date symlink: /home/reuel/agos_ws/install/agos_sim/share/agos_sim//config/bridge.yaml
-- Up-to-date symlink: /home/reuel/agos_ws/install/agos_sim/share/agos_sim//urdf/agos.urdf.xacro
-- Up-to-date symlink: /home/reuel/agos_ws/install/agos_sim/share/agos_sim//urdf/agos_materials.xacro
-- Up-to-date symlink: /home/reuel/agos_ws/install/agos_sim/share/agos_sim//urdf/agos_sensors.xacro
-- Up-to-date symlink: /home/reuel/agos_ws/install/agos_sim/share/agos_sim//urdf/agos_tracks.xacro
-- Up-to-date symlink: /home/reuel/agos_ws/install/agos_sim/share/agos_sim//worlds/pipe_world.sdf
-- Up-to-date symlink: /home/reuel/agos_ws/install/agos_sim/share/agos_sim//rviz/agos_sim.rviz
-- Up-to-date symlink: /home/reuel/agos_ws/install/agos_sim/share/ament_index/resource_index/package_run_dependencies/agos_sim
-- Up-to-date symlink: /home/reuel/agos_ws/install/agos_sim/share/ament_index/resource_index/parent_prefix_path/agos_sim
-- Up-to-date symlink: /home/reuel/agos_ws/install/agos_sim/share/agos_sim/environment/ament_prefix_path.sh
-- Up-to-date symlink: /home/reuel/agos_ws/install/agos_sim/share/agos_sim/environment/ament_prefix_path.dsv
-- Up-to-date symlink: /home/reuel/agos_ws/install/agos_sim/share/agos_sim/environment/path.sh
-- Up-to-date symlink: /home/reuel/agos_ws/install/agos_sim/share/agos_sim/environment/path.dsv
-- Up-to-date symlink: /home/reuel/agos_ws/install/agos_sim/share/agos_sim/local_setup.bash
-- Up-to-date symlink: /home/reuel/agos_ws/install/agos_sim/share/agos_sim/local_setup.fish
-- Up-to-date symlink: /home/reuel/agos_ws/install/agos_sim/share/agos_sim/local_setup.sh
-- Up-to-date symlink: /home/reuel/agos_ws/install/agos_sim/share/agos_sim/local_setup.zsh
-- Up-to-date symlink: /home/reuel/agos_ws/install/agos_sim/share/agos_sim/local_setup.dsv
-- Symlinking: /home/reuel/agos_ws/install/agos_sim/share/agos_sim/package.dsv
-- Up-to-date symlink: /home/reuel/agos_ws/install/agos_sim/share/ament_index/resource_index/packages/agos_sim
-- Up-to-date symlink: /home/reuel/agos_ws/install/agos_sim/share/agos_sim/cmake/agos_simConfig.cmake
-- Up-to-date symlink: /home/reuel/agos_ws/install/agos_sim/share/agos_sim/cmake/agos_simConfig-version.cmake
-- Up-to-date symlink: /home/reuel/agos_ws/install/agos_sim/share/agos_sim/package.xml
