[0.019s] Invoking command in '/home/reuel/agos_ws/build/agos_sim': CMAKE_PREFIX_PATH=${CMAKE_PREFIX_PATH}:/opt/ros/lyrical /usr/bin/cmake /home/reuel/agos_ws/src/agos_sim -DCMAKE_INSTALL_PREFIX=/home/reuel/agos_ws/install/agos_sim
[0.033s] CMake Deprecation Warning at CMakeLists.txt:1 (cmake_minimum_required):
[0.034s]   Compatibility with CMake < 3.10 will be removed from a future version of
[0.034s]   CMake.
[0.034s] 
[0.034s]   Update the VERSION argument <min> value.  Or, use the <min>...<max> syntax
[0.034s]   to tell CMake that the project requires at least <min> but has been updated
[0.034s]   to work with policies introduced by <max> or earlier.
[0.035s] 
[0.035s] 
[0.193s] -- The C compiler identification is GNU 15.2.0
[0.388s] -- The CXX compiler identification is GNU 15.2.0
[0.413s] -- Detecting C compiler ABI info
[0.566s] -- Detecting C compiler ABI info - done
[0.586s] -- Check for working C compiler: /usr/bin/cc - skipped
[0.586s] -- Detecting C compile features
[0.587s] -- Detecting C compile features - done
[0.608s] -- Detecting CXX compiler ABI info
[0.747s] -- Detecting CXX compiler ABI info - done
[0.771s] -- Check for working CXX compiler: /usr/bin/c++ - skipped
[0.772s] -- Detecting CXX compile features
[0.773s] -- Detecting CXX compile features - done
[0.794s] -- Found ament_cmake: 2.8.8 (/opt/ros/lyrical/share/ament_cmake/cmake)
[1.401s] -- Found urdf: 2.13.2 (/opt/ros/lyrical/share/urdf/cmake)
[1.431s] -- Found xacro: 2.1.1 (/opt/ros/lyrical/share/xacro/cmake)
[1.439s] -- Found robot_state_publisher: 3.5.6 (/opt/ros/lyrical/share/robot_state_publisher/cmake)
[1.521s] -- Found rosidl_generator_c: 5.2.1 (/opt/ros/lyrical/share/rosidl_generator_c/cmake)
[1.545s] -- Found rosidl_generator_cpp: 5.2.1 (/opt/ros/lyrical/share/rosidl_generator_cpp/cmake)
[1.582s] -- Using all available rosidl_typesupport_c: rosidl_typesupport_fastrtps_c;rosidl_typesupport_introspection_c
[1.616s] -- Using all available rosidl_typesupport_cpp: rosidl_typesupport_fastrtps_cpp;rosidl_typesupport_introspection_cpp
[1.782s] -- Found rmw_implementation_cmake: 7.10.2 (/opt/ros/lyrical/share/rmw_implementation_cmake/cmake)
[1.790s] -- Found rmw_fastrtps_cpp: 9.4.10 (/opt/ros/lyrical/share/rmw_fastrtps_cpp/cmake)
[1.846s] -- Using RMW implementation 'rmw_fastrtps_cpp' as default
[2.257s] -- Found ros_gz_sim: 3.0.10 (/opt/ros/lyrical/share/ros_gz_sim/cmake)
[2.267s] -- Found ros_gz_bridge: 3.0.10 (/opt/ros/lyrical/share/ros_gz_bridge/cmake)
[2.546s] -- Found Protobuf: /usr/lib/x86_64-linux-gnu/libprotobuf.so (found version "3.21.12")
[3.256s] -- Found ament_lint_auto: 0.20.6 (/opt/ros/lyrical/share/ament_lint_auto/cmake)
[3.441s] -- Added test 'flake8' to check Python code syntax and style conventions
[3.441s] -- Configured 'flake8' exclude dirs and/or files: 
[3.443s] -- Added test 'lint_cmake' to check CMake code style
[3.444s] -- Added test 'pep257' to check Python code against some of the docstring style conventions in PEP 257
[3.447s] -- Added test 'xmllint' to check XML markup files
[3.451s] -- Configuring done (3.4s)
[3.462s] -- Generating done (0.0s)
[3.545s] -- Build files have been written to: /home/reuel/agos_ws/build/agos_sim
[3.563s] Invoked command in '/home/reuel/agos_ws/build/agos_sim' returned '0': CMAKE_PREFIX_PATH=${CMAKE_PREFIX_PATH}:/opt/ros/lyrical /usr/bin/cmake /home/reuel/agos_ws/src/agos_sim -DCMAKE_INSTALL_PREFIX=/home/reuel/agos_ws/install/agos_sim
[3.566s] Invoking command in '/home/reuel/agos_ws/build/agos_sim': CMAKE_PREFIX_PATH=${CMAKE_PREFIX_PATH}:/opt/ros/lyrical /usr/bin/cmake --build /home/reuel/agos_ws/build/agos_sim -- -j8 -l8
[3.644s] Invoked command in '/home/reuel/agos_ws/build/agos_sim' returned '0': CMAKE_PREFIX_PATH=${CMAKE_PREFIX_PATH}:/opt/ros/lyrical /usr/bin/cmake --build /home/reuel/agos_ws/build/agos_sim -- -j8 -l8
[3.661s] Invoking command in '/home/reuel/agos_ws/build/agos_sim': CMAKE_PREFIX_PATH=${CMAKE_PREFIX_PATH}:/opt/ros/lyrical /usr/bin/cmake --install /home/reuel/agos_ws/build/agos_sim
[3.672s] -- Install configuration: ""
[3.672s] -- Installing: /home/reuel/agos_ws/install/agos_sim/share/agos_sim//launch
[3.672s] -- Installing: /home/reuel/agos_ws/install/agos_sim/share/agos_sim//launch/agos_sim.launch.py
[3.672s] -- Installing: /home/reuel/agos_ws/install/agos_sim/share/agos_sim//launch/simulation.launch.py
[3.673s] -- Installing: /home/reuel/agos_ws/install/agos_sim/share/agos_sim//launch/__pycache__
[3.673s] -- Installing: /home/reuel/agos_ws/install/agos_sim/share/agos_sim//launch/__pycache__/simulation.launch.cpython-314.pyc
[3.674s] -- Installing: /home/reuel/agos_ws/install/agos_sim/share/agos_sim//config
[3.674s] -- Installing: /home/reuel/agos_ws/install/agos_sim/share/agos_sim//config/bridge.yaml
[3.675s] -- Installing: /home/reuel/agos_ws/install/agos_sim/share/agos_sim//config/agos_sim_params.yaml
[3.675s] -- Installing: /home/reuel/agos_ws/install/agos_sim/share/agos_sim//urdf
[3.675s] -- Installing: /home/reuel/agos_ws/install/agos_sim/share/agos_sim//urdf/agos.urdf.xacro
[3.675s] -- Installing: /home/reuel/agos_ws/install/agos_sim/share/agos_sim//urdf/agos_tracks.xacro
[3.676s] -- Installing: /home/reuel/agos_ws/install/agos_sim/share/agos_sim//urdf/agos_materials.xacro
[3.676s] -- Installing: /home/reuel/agos_ws/install/agos_sim/share/agos_sim//urdf/agos_sensors.xacro
[3.676s] -- Installing: /home/reuel/agos_ws/install/agos_sim/share/agos_sim//worlds
[3.676s] -- Installing: /home/reuel/agos_ws/install/agos_sim/share/agos_sim//worlds/pipe_world.sdf
[3.677s] -- Installing: /home/reuel/agos_ws/install/agos_sim/share/agos_sim//rviz
[3.677s] -- Installing: /home/reuel/agos_ws/install/agos_sim/share/agos_sim//rviz/agos_sim.rviz
[3.678s] -- Installing: /home/reuel/agos_ws/install/agos_sim/share/ament_index/resource_index/package_run_dependencies/agos_sim
[3.678s] -- Installing: /home/reuel/agos_ws/install/agos_sim/share/ament_index/resource_index/parent_prefix_path/agos_sim
[3.678s] -- Installing: /home/reuel/agos_ws/install/agos_sim/share/agos_sim/environment/ament_prefix_path.sh
[3.678s] -- Installing: /home/reuel/agos_ws/install/agos_sim/share/agos_sim/environment/ament_prefix_path.dsv
[3.679s] -- Installing: /home/reuel/agos_ws/install/agos_sim/share/agos_sim/environment/path.sh
[3.679s] -- Installing: /home/reuel/agos_ws/install/agos_sim/share/agos_sim/environment/path.dsv
[3.679s] -- Installing: /home/reuel/agos_ws/install/agos_sim/share/agos_sim/local_setup.bash
[3.679s] -- Installing: /home/reuel/agos_ws/install/agos_sim/share/agos_sim/local_setup.fish
[3.679s] -- Installing: /home/reuel/agos_ws/install/agos_sim/share/agos_sim/local_setup.sh
[3.680s] -- Installing: /home/reuel/agos_ws/install/agos_sim/share/agos_sim/local_setup.zsh
[3.680s] -- Installing: /home/reuel/agos_ws/install/agos_sim/share/agos_sim/local_setup.dsv
[3.680s] -- Installing: /home/reuel/agos_ws/install/agos_sim/share/agos_sim/package.dsv
[3.680s] -- Installing: /home/reuel/agos_ws/install/agos_sim/share/ament_index/resource_index/packages/agos_sim
[3.680s] -- Installing: /home/reuel/agos_ws/install/agos_sim/share/agos_sim/cmake/agos_simConfig.cmake
[3.681s] -- Installing: /home/reuel/agos_ws/install/agos_sim/share/agos_sim/cmake/agos_simConfig-version.cmake
[3.681s] -- Installing: /home/reuel/agos_ws/install/agos_sim/share/agos_sim/package.xml
[3.682s] Invoked command in '/home/reuel/agos_ws/build/agos_sim' returned '0': CMAKE_PREFIX_PATH=${CMAKE_PREFIX_PATH}:/opt/ros/lyrical /usr/bin/cmake --install /home/reuel/agos_ws/build/agos_sim
