[-1791096908124542976.000s] DEBUG:colcon:Command line arguments: ['/usr/bin/colcon', 'build', '--packages-select', 'agos_sim', '--symlink-install']
[-1791096908124542976.000s] DEBUG:colcon:Parsed command line arguments: Namespace(log_base=None, log_level=None, verb_name='build', build_base='build', install_base='install', merge_install=False, symlink_install=True, test_result_base=None, continue_on_error=False, executor='parallel', parallel_workers=8, event_handlers=None, ignore_user_meta=False, metas=['./colcon.meta'], base_paths=['.'], packages_ignore=None, packages_ignore_regex=None, paths=None, packages_up_to=None, packages_up_to_regex=None, packages_above=None, packages_above_and_dependencies=None, packages_above_depth=None, packages_select_by_dep=None, packages_skip_by_dep=None, packages_skip_up_to=None, packages_select_build_failed=False, packages_skip_build_finished=False, packages_select_test_failures=False, packages_skip_test_passed=False, packages_select=['agos_sim'], packages_skip=None, packages_select_regex=None, packages_skip_regex=None, packages_start=None, packages_end=None, allow_overriding=[], cmake_args=None, cmake_target=None, cmake_target_skip_unavailable=False, cmake_clean_cache=False, cmake_clean_first=False, cmake_force_configure=False, ament_cmake_args=None, catkin_cmake_args=None, catkin_skip_building_tests=False, verb_parser=<colcon_defaults.argument_parser.defaults.DefaultArgumentsDecorator object at 0x771f99f3fc50>, verb_extension=<colcon_core.verb.build.BuildVerb object at 0x771f99f6f0e0>, main=<bound method BuildVerb.main of <colcon_core.verb.build.BuildVerb object at 0x771f99f6f0e0>>)
[-1791096908124542976.000s] Level 1:colcon.colcon_core.package_discovery:discover_packages(colcon_meta) check parameters
[-1791096908124542976.000s] Level 1:colcon.colcon_core.package_discovery:discover_packages(recursive) check parameters
[-1791096908124542976.000s] Level 1:colcon.colcon_core.package_discovery:discover_packages(ignore) check parameters
[-1791096908124542976.000s] Level 1:colcon.colcon_core.package_discovery:discover_packages(path) check parameters
[-1791096908124542976.000s] Level 1:colcon.colcon_core.package_discovery:discover_packages(colcon_meta) discover
[-1791096908124542976.000s] Level 1:colcon.colcon_core.package_discovery:discover_packages(recursive) discover
[-1791096908124542976.000s] INFO:colcon.colcon_core.package_discovery:Crawling recursively for packages in '/home/reuel/practice_gazebo'
[-1791096908124542976.000s] Level 1:colcon.colcon_core.package_identification:_identify(.) by extensions ['ignore', 'ignore_ament_install']
[-1791096908124542976.000s] Level 1:colcon.colcon_core.package_identification:_identify(.) by extension 'ignore'
[-1791096908124542976.000s] Level 1:colcon.colcon_core.package_identification:_identify(.) by extension 'ignore_ament_install'
[-1791096908124542976.000s] Level 1:colcon.colcon_core.package_identification:_identify(.) by extensions ['colcon_pkg']
[-1791096908124542976.000s] Level 1:colcon.colcon_core.package_identification:_identify(.) by extension 'colcon_pkg'
[-1791096908124542976.000s] Level 1:colcon.colcon_core.package_identification:_identify(.) by extensions ['colcon_meta']
[-1791096908124542976.000s] Level 1:colcon.colcon_core.package_identification:_identify(.) by extension 'colcon_meta'
[-1791096908124542976.000s] Level 1:colcon.colcon_core.package_identification:_identify(.) by extensions ['ros']
[-1791096908124542976.000s] Level 1:colcon.colcon_core.package_identification:_identify(.) by extension 'ros'
[-1791096908124542976.000s] Level 1:colcon.colcon_core.package_identification:_identify(.) by extensions ['cmake', 'python']
[-1791096908124542976.000s] Level 1:colcon.colcon_core.package_identification:_identify(.) by extension 'cmake'
[-1791096908124542976.000s] Level 1:colcon.colcon_core.package_identification:_identify(.) by extension 'python'
[-1791096908124542976.000s] Level 1:colcon.colcon_core.package_identification:_identify(.) by extensions ['python_setup_py']
[-1791096908124542976.000s] Level 1:colcon.colcon_core.package_identification:_identify(.) by extension 'python_setup_py'
[-1791096908124542976.000s] Level 1:colcon.colcon_core.package_identification:_identify(build) by extensions ['ignore', 'ignore_ament_install']
[-1791096908124542976.000s] Level 1:colcon.colcon_core.package_identification:_identify(build) by extension 'ignore'
[-1791096908124542976.000s] Level 1:colcon.colcon_core.package_identification:_identify(build) ignored
[-1791096908124542976.000s] Level 1:colcon.colcon_core.package_identification:_identify(install) by extensions ['ignore', 'ignore_ament_install']
[-1791096908124542976.000s] Level 1:colcon.colcon_core.package_identification:_identify(install) by extension 'ignore'
[-1791096908124542976.000s] Level 1:colcon.colcon_core.package_identification:_identify(install) ignored
[-1791096908124542976.000s] Level 1:colcon.colcon_core.package_identification:_identify(log) by extensions ['ignore', 'ignore_ament_install']
[-1791096908124542976.000s] Level 1:colcon.colcon_core.package_identification:_identify(log) by extension 'ignore'
[-1791096908124542976.000s] Level 1:colcon.colcon_core.package_identification:_identify(log) ignored
[-1791096908124542976.000s] Level 1:colcon.colcon_core.package_identification:_identify(src) by extensions ['ignore', 'ignore_ament_install']
[-1791096908124542976.000s] Level 1:colcon.colcon_core.package_identification:_identify(src) by extension 'ignore'
[-1791096908124542976.000s] Level 1:colcon.colcon_core.package_identification:_identify(src) by extension 'ignore_ament_install'
[-1791096908124542976.000s] Level 1:colcon.colcon_core.package_identification:_identify(src) by extensions ['colcon_pkg']
[-1791096908124542976.000s] Level 1:colcon.colcon_core.package_identification:_identify(src) by extension 'colcon_pkg'
[-1791096908124542976.000s] Level 1:colcon.colcon_core.package_identification:_identify(src) by extensions ['colcon_meta']
[-1791096908124542976.000s] Level 1:colcon.colcon_core.package_identification:_identify(src) by extension 'colcon_meta'
[-1791096908124542976.000s] Level 1:colcon.colcon_core.package_identification:_identify(src) by extensions ['ros']
[-1791096908124542976.000s] Level 1:colcon.colcon_core.package_identification:_identify(src) by extension 'ros'
[-1791096908124542976.000s] Level 1:colcon.colcon_core.package_identification:_identify(src) by extensions ['cmake', 'python']
[-1791096908124542976.000s] Level 1:colcon.colcon_core.package_identification:_identify(src) by extension 'cmake'
[-1791096908124542976.000s] Level 1:colcon.colcon_core.package_identification:_identify(src) by extension 'python'
[-1791096908124542976.000s] Level 1:colcon.colcon_core.package_identification:_identify(src) by extensions ['python_setup_py']
[-1791096908124542976.000s] Level 1:colcon.colcon_core.package_identification:_identify(src) by extension 'python_setup_py'
[-1791096908124542976.000s] Level 1:colcon.colcon_core.package_identification:_identify(src/agos_sim) by extensions ['ignore', 'ignore_ament_install']
[-1791096908124542976.000s] Level 1:colcon.colcon_core.package_identification:_identify(src/agos_sim) by extension 'ignore'
[-1791096908124542976.000s] Level 1:colcon.colcon_core.package_identification:_identify(src/agos_sim) by extension 'ignore_ament_install'
[-1791096908124542976.000s] Level 1:colcon.colcon_core.package_identification:_identify(src/agos_sim) by extensions ['colcon_pkg']
[-1791096908124542976.000s] Level 1:colcon.colcon_core.package_identification:_identify(src/agos_sim) by extension 'colcon_pkg'
[-1791096908124542976.000s] Level 1:colcon.colcon_core.package_identification:_identify(src/agos_sim) by extensions ['colcon_meta']
[-1791096908124542976.000s] Level 1:colcon.colcon_core.package_identification:_identify(src/agos_sim) by extension 'colcon_meta'
[-1791096908124542976.000s] Level 1:colcon.colcon_core.package_identification:_identify(src/agos_sim) by extensions ['ros']
[-1791096908124542976.000s] Level 1:colcon.colcon_core.package_identification:_identify(src/agos_sim) by extension 'ros'
[-1791096908124542976.000s] DEBUG:colcon.colcon_core.package_identification:Package 'src/agos_sim' with type 'ros.ament_python' and name 'agos_sim'
[-1791096908124542976.000s] Level 1:colcon.colcon_core.package_discovery:discover_packages(recursive) using defaults
[-1791096908124542976.000s] Level 1:colcon.colcon_core.package_discovery:discover_packages(ignore) discover
[-1791096908124542976.000s] Level 1:colcon.colcon_core.package_discovery:discover_packages(ignore) using defaults
[-1791096908124542976.000s] Level 1:colcon.colcon_core.package_discovery:discover_packages(path) discover
[-1791096908124542976.000s] Level 1:colcon.colcon_core.package_discovery:discover_packages(path) using defaults
[-1791096908124542976.000s] Level 1:colcon.colcon_core.package_discovery:discover_packages(prefix_path) check parameters
[-1791096908124542976.000s] Level 1:colcon.colcon_core.package_discovery:discover_packages(prefix_path) discover
[-1791096908124542976.000s] DEBUG:colcon.colcon_installed_package_information.package_discovery:Found 412 installed packages in /opt/ros/lyrical
[-1791096908124542976.000s] Level 1:colcon.colcon_core.package_discovery:discover_packages(prefix_path) using defaults
[-1791096908124542976.000s] Level 5:colcon.colcon_core.verb:set package 'agos_sim' build argument 'cmake_args' from command line to 'None'
[-1791096908124542976.000s] Level 5:colcon.colcon_core.verb:set package 'agos_sim' build argument 'cmake_target' from command line to 'None'
[-1791096908124542976.000s] Level 5:colcon.colcon_core.verb:set package 'agos_sim' build argument 'cmake_target_skip_unavailable' from command line to 'False'
[-1791096908124542976.000s] Level 5:colcon.colcon_core.verb:set package 'agos_sim' build argument 'cmake_clean_cache' from command line to 'False'
[-1791096908124542976.000s] Level 5:colcon.colcon_core.verb:set package 'agos_sim' build argument 'cmake_clean_first' from command line to 'False'
[-1791096908124542976.000s] Level 5:colcon.colcon_core.verb:set package 'agos_sim' build argument 'cmake_force_configure' from command line to 'False'
[-1791096908124542976.000s] Level 5:colcon.colcon_core.verb:set package 'agos_sim' build argument 'ament_cmake_args' from command line to 'None'
[-1791096908124542976.000s] Level 5:colcon.colcon_core.verb:set package 'agos_sim' build argument 'catkin_cmake_args' from command line to 'None'
[-1791096908124542976.000s] Level 5:colcon.colcon_core.verb:set package 'agos_sim' build argument 'catkin_skip_building_tests' from command line to 'False'
[-1791096908124542976.000s] DEBUG:colcon.colcon_core.verb:Building package 'agos_sim' with the following arguments: {'ament_cmake_args': None, 'build_base': '/home/reuel/practice_gazebo/build/agos_sim', 'catkin_cmake_args': None, 'catkin_skip_building_tests': False, 'cmake_args': None, 'cmake_clean_cache': False, 'cmake_clean_first': False, 'cmake_force_configure': False, 'cmake_target': None, 'cmake_target_skip_unavailable': False, 'install_base': '/home/reuel/practice_gazebo/install/agos_sim', 'merge_install': False, 'path': '/home/reuel/practice_gazebo/src/agos_sim', 'symlink_install': True, 'test_result_base': None}
[-1791096908124542976.000s] INFO:colcon.colcon_core.executor:Executing jobs using 'parallel' executor
[-1791096908124542976.000s] DEBUG:colcon.colcon_parallel_executor.executor.parallel:run_until_complete
[-1791096908124542976.000s] INFO:colcon.colcon_ros.task.ament_python.build:Building ROS package in '/home/reuel/practice_gazebo/src/agos_sim' with build type 'ament_python'
[-1791096908124542976.000s] Level 1:colcon.colcon_core.shell:create_environment_hook('agos_sim', 'ament_prefix_path')
[-1791096908124542976.000s] INFO:colcon.colcon_core.plugin_system:Skipping extension 'colcon_core.shell.bat': Not used on non-Windows systems
[-1791096908124542976.000s] INFO:colcon.colcon_core.shell:Creating environment hook '/home/reuel/practice_gazebo/install/agos_sim/share/agos_sim/hook/ament_prefix_path.ps1'
[-1791096908124542976.000s] INFO:colcon.colcon_core.shell:Creating environment descriptor '/home/reuel/practice_gazebo/install/agos_sim/share/agos_sim/hook/ament_prefix_path.dsv'
[-1791096908124542976.000s] INFO:colcon.colcon_core.shell:Creating environment hook '/home/reuel/practice_gazebo/install/agos_sim/share/agos_sim/hook/ament_prefix_path.sh'
[-1791096908124542976.000s] INFO:colcon.colcon_core.shell:Skip shell extension 'powershell' for command environment: Not usable outside of PowerShell
[-1791096908124542976.000s] DEBUG:colcon.colcon_core.shell:Skip shell extension 'dsv' for command environment
[-1791096908124542976.000s] INFO:colcon.colcon_core.task.python.build:Building Python package in '/home/reuel/practice_gazebo/src/agos_sim'
[-1791096908124542976.000s] INFO:colcon.colcon_core.shell:Skip shell extension 'powershell' for command environment: Not usable outside of PowerShell
[-1791096908124542976.000s] DEBUG:colcon.colcon_core.shell:Skip shell extension 'dsv' for command environment
[-1791096908124542976.000s] DEBUG:colcon.colcon_core.task.python.build:Available setuptools commands: easy_install, build_scripts, build, bdist_rpm, clean, dist_info, bdist_egg, check, build_clib, saveopts, bdist, bdist_wheel, install, extract_messages, setopt, bdist_dumb, editable_wheel, build_ext, install_headers, develop, install_lib, build_py, install_egg_info, alias, update_catalog, rotate, symlink_data, compile_catalog, sdist, egg_info, init_catalog, install_scripts, install_data
[-1791096908124542976.000s] DEBUG:colcon.colcon_core.task.python.build:Available setuptools 'develop' options: --record, --editable, --always-unzip, --quiet, --index-url, --version, --user, --no-find-links, --multi-version, --site-dirs, --uninstall, --upgrade, --script-dir, --always-copy, --build-directory, --install-dir, --local-snapshots-ok, --egg-path, --no-user-cfg, --prefix, --optimize, --allow-hosts, --install-layout, --dry-run, --force-installation-into-system-dir, --no-deps, --zip-ok, --exclude-scripts, --verbose, --find-links, --help
[-1791096908124542976.000s] DEBUG:colcon.colcon_core.event_handler.log_command:Invoking command in '/home/reuel/practice_gazebo/build/agos_sim': PYTHONPATH=/home/reuel/practice_gazebo/build/agos_sim/prefix_override:/usr/lib/python3/dist-packages/colcon_core/task/python/colcon_distutils_commands:/home/reuel/practice_gazebo/install/agos_sim/lib/python3.14/site-packages:${PYTHONPATH} /usr/bin/python3 -W ignore:setup.py install is deprecated -W ignore:easy_install command is deprecated setup.py develop --editable --build-directory /home/reuel/practice_gazebo/build/agos_sim/build --no-deps symlink_data
[-1791096908124542976.000s] Level 1:colcon.colcon_core.shell:create_environment_hook('agos_sim', 'pythonpath_develop')
[-1791096908124542976.000s] INFO:colcon.colcon_core.shell:Creating environment hook '/home/reuel/practice_gazebo/build/agos_sim/share/agos_sim/hook/pythonpath_develop.ps1'
[-1791096908124542976.000s] DEBUG:colcon.colcon_core.event_handler.log_command:Invoked command in '/home/reuel/practice_gazebo/build/agos_sim' returned '0': PYTHONPATH=/home/reuel/practice_gazebo/build/agos_sim/prefix_override:/usr/lib/python3/dist-packages/colcon_core/task/python/colcon_distutils_commands:/home/reuel/practice_gazebo/install/agos_sim/lib/python3.14/site-packages:${PYTHONPATH} /usr/bin/python3 -W ignore:setup.py install is deprecated -W ignore:easy_install command is deprecated setup.py develop --editable --build-directory /home/reuel/practice_gazebo/build/agos_sim/build --no-deps symlink_data
[-1791096908124542976.000s] INFO:colcon.colcon_core.shell:Creating environment descriptor '/home/reuel/practice_gazebo/build/agos_sim/share/agos_sim/hook/pythonpath_develop.dsv'
[-1791096908124542976.000s] INFO:colcon.colcon_core.shell:Creating environment hook '/home/reuel/practice_gazebo/build/agos_sim/share/agos_sim/hook/pythonpath_develop.sh'
[-1791096908124542976.000s] Level 1:colcon.colcon_core.environment:checking '/home/reuel/practice_gazebo/install/agos_sim' for CMake module files
[-1791096908124542976.000s] Level 1:colcon.colcon_core.environment:checking '/home/reuel/practice_gazebo/install/agos_sim' for CMake config files
[-1791096908124542976.000s] Level 1:colcon.colcon_core.environment:checking '/home/reuel/practice_gazebo/install/agos_sim/lib'
[-1791096908124542976.000s] Level 1:colcon.colcon_core.environment:checking '/home/reuel/practice_gazebo/install/agos_sim/bin'
[-1791096908124542976.000s] Level 1:colcon.colcon_core.environment:checking '/home/reuel/practice_gazebo/install/agos_sim/lib/pkgconfig/agos_sim.pc'
[-1791096908124542976.000s] Level 1:colcon.colcon_core.environment:checking '/home/reuel/practice_gazebo/install/agos_sim/lib/python3.14/site-packages'
[-1791096908124542976.000s] Level 1:colcon.colcon_core.shell:create_environment_hook('agos_sim', 'pythonpath')
[-1791096908124542976.000s] INFO:colcon.colcon_core.shell:Creating environment hook '/home/reuel/practice_gazebo/install/agos_sim/share/agos_sim/hook/pythonpath.ps1'
[-1791096908124542976.000s] INFO:colcon.colcon_core.shell:Creating environment descriptor '/home/reuel/practice_gazebo/install/agos_sim/share/agos_sim/hook/pythonpath.dsv'
[-1791096908124542976.000s] INFO:colcon.colcon_core.shell:Creating environment hook '/home/reuel/practice_gazebo/install/agos_sim/share/agos_sim/hook/pythonpath.sh'
[-1791096908124542976.000s] Level 1:colcon.colcon_core.environment:checking '/home/reuel/practice_gazebo/install/agos_sim/bin'
[-1791096908124542976.000s] Level 1:colcon.colcon_core.environment:create_environment_scripts_only(agos_sim)
[-1791096908124542976.000s] INFO:colcon.colcon_core.shell:Creating package script '/home/reuel/practice_gazebo/install/agos_sim/share/agos_sim/package.ps1'
[-1791096908124542976.000s] INFO:colcon.colcon_core.shell:Creating package descriptor '/home/reuel/practice_gazebo/install/agos_sim/share/agos_sim/package.dsv'
[-1791096908124542976.000s] INFO:colcon.colcon_core.shell:Creating package script '/home/reuel/practice_gazebo/install/agos_sim/share/agos_sim/package.sh'
[-1791096908124542976.000s] INFO:colcon.colcon_core.shell:Creating package script '/home/reuel/practice_gazebo/install/agos_sim/share/agos_sim/package.bash'
[-1791096908124542976.000s] INFO:colcon.colcon_core.shell:Creating package script '/home/reuel/practice_gazebo/install/agos_sim/share/agos_sim/package.zsh'
[-1791096908124542976.000s] Level 1:colcon.colcon_core.environment:create_file_with_runtime_dependencies(/home/reuel/practice_gazebo/install/agos_sim/share/colcon-core/packages/agos_sim)
[-1791096908124542976.000s] DEBUG:colcon.colcon_parallel_executor.executor.parallel:closing loop
[-1791096908124542976.000s] DEBUG:colcon.colcon_parallel_executor.executor.parallel:loop closed
[-1791096908124542976.000s] DEBUG:colcon.colcon_parallel_executor.executor.parallel:run_until_complete finished with '0'
[-1791096908124542976.000s] DEBUG:colcon.colcon_core.event_reactor:joining thread
[-1791096908124542976.000s] INFO:colcon.colcon_core.plugin_system:Skipping extension 'colcon_notification.desktop_notification.terminal_notifier': Not used on non-Darwin systems
[-1791096908124542976.000s] INFO:colcon.colcon_core.plugin_system:Skipping extension 'colcon_notification.desktop_notification.win32': Not used on non-Windows systems
[-1791096908124542976.000s] INFO:colcon.colcon_notification.desktop_notification:Sending desktop notification using 'notify2'
[-1791096908124542976.000s] DEBUG:colcon.colcon_core.event_reactor:joined thread
[-1791096908124542976.000s] INFO:colcon.colcon_core.shell:Creating prefix script '/home/reuel/practice_gazebo/install/local_setup.ps1'
[-1791096908124542976.000s] INFO:colcon.colcon_core.shell:Creating prefix util module '/home/reuel/practice_gazebo/install/_local_setup_util_ps1.py'
[-1791096908124542976.000s] INFO:colcon.colcon_core.shell:Creating prefix chain script '/home/reuel/practice_gazebo/install/setup.ps1'
[-1791096908124542976.000s] INFO:colcon.colcon_core.shell:Creating prefix script '/home/reuel/practice_gazebo/install/local_setup.sh'
[-1791096908124542976.000s] INFO:colcon.colcon_core.shell:Creating prefix util module '/home/reuel/practice_gazebo/install/_local_setup_util_sh.py'
[-1791096908124542976.000s] INFO:colcon.colcon_core.shell:Creating prefix chain script '/home/reuel/practice_gazebo/install/setup.sh'
[-1791096908124542976.000s] INFO:colcon.colcon_core.shell:Creating prefix script '/home/reuel/practice_gazebo/install/local_setup.bash'
[-1791096908124542976.000s] INFO:colcon.colcon_core.shell:Creating prefix chain script '/home/reuel/practice_gazebo/install/setup.bash'
[-1791096908124542976.000s] INFO:colcon.colcon_core.shell:Creating prefix script '/home/reuel/practice_gazebo/install/local_setup.zsh'
[-1791096908124542976.000s] INFO:colcon.colcon_core.shell:Creating prefix chain script '/home/reuel/practice_gazebo/install/setup.zsh'
